[index-2.html]
[backblue.gif]
[fade.gif]
[index.html]
[feed/index.html]
[comments/feed/index.html]
[wp-includes/js/jquery/jqueryb8ff.js]
[wp-includes/js/jquery/jquery-migrate.min330a.js]
[wp-includes/js/jquery/ui/widget.mine899.js]
[wp-content/plugins/ecwid-shopping-cart/js/products-list00d1.js]
[wp-content/plugins/ecwid-shopping-cart/js/frontend00d1.js]
[xmlrpc0db0.php]
[wp-json/index.html]
[wp-json/oembed/1.0/embed9014.json]
[wp-content/uploads/2015/05/Chicken-2.jpg]
[wp-content/uploads/2015/04/Furry-Feet-and-Baby-Chick-resized.jpg]
[about-bees-chicken-coop-co-op/index.html]
[store/index.html]
[wp-content/uploads/2015/04/Furry-Feet-and-Baby-Chick-resized-300x225.jpg]
[our-services-products/index.html]
[wp-content/uploads/2015/04/Angel-with-better-light-resized.jpg]
[frequently-asked-questions/index.html]
[wp-content/uploads/2015/04/Angel-with-better-light-resized-294x300.jpg]
[contact-us/index.html]
[wp-content/uploads/2015/04/Love-Birds-Bird-Bath-resized.jpg]
[wp-content/uploads/2015/04/Love-Birds-Bird-Bath-resized-300x250.jpg]
[wp-content/plugins/jetpack/modules/wpgrohoe5b9.js]
[shopping-cart-page/index.html]
[wp-content/themes/pure-simple/js/global.min95b9.js]
[current-customers-page/index.html]
[wp-content/themes/pure-simple/js/puresimple-extrasbfed.js]
[related-articles/index.html]
[current-customers-page/subpage-1/index.html]
[current-customers-page/subpage-2/index.html]
[wp-includes/js/wp-embed.mine5b9.js]
[index-2.html]
[xmlrpc.php]
[wp-content/plugins/ecwid-shopping-cart/css/frontend00d1.css]
[wp-content/plugins/ecwid-shopping-cart/fonts/ecwid-icons822d.eot]
[wp-content/plugins/ecwid-shopping-cart/fonts/ecwid-iconsd41d.eot]
[blog-posts/index.html]
[wp-content/plugins/ecwid-shopping-cart/fonts/ecwid-icons822d.woff]
[wp-content/plugins/ecwid-shopping-cart/fonts/ecwid-icons822d.ttf]
[wp-content/plugins/ecwid-shopping-cart/css/fonts00d1.css]
[wp-content/themes/pure-simple/css/responsive.minb12b.css]
[wp-content/themes/pure-simple/fonts/fontawesome-webfont78ce.eot]
[wp-content/themes/pure-simple/fonts/fontawesome-webfontd41d.eot]
[wp-content/themes/pure-simple/fonts/fontawesome-webfont78ce.woff]
[wp-content/themes/pure-simple/fonts/fontawesome-webfont78ce.ttf]
[wp-content/themes/pure-simple/css/font-awesome.minae82.css]
[wp-content/themes/pure-simple/fonts/opensans-light.eot]
[wp-content/themes/pure-simple/fonts/opensans-lightd41d.eot]
[wp-content/themes/pure-simple/fonts/opensans-light.woff]
[wp-content/themes/pure-simple/fonts/opensans-light.ttf]
[wp-content/themes/pure-simple/fonts/opensans-regular.eot]
[wp-content/themes/pure-simple/fonts/opensans-regulard41d.eot]
[wp-content/themes/pure-simple/fonts/opensans-regular.woff]
[wp-content/themes/pure-simple/fonts/opensans-regular.ttf]
[wp-content/themes/pure-simple/fonts/opensans-semibold-webfont.eot]
[wp-content/themes/pure-simple/fonts/opensans-semibold-webfontd41d.eot]
[wp-content/themes/pure-simple/fonts/opensans-semibold-webfont.woff]
[wp-content/themes/pure-simple/fonts/opensans-semibold-webfont.ttf]
[wp-content/themes/pure-simple/css/font-opensans20b9.css]
[wp-content/themes/pure-simple/images/404.35.delayed]
[wp-content/themes/pure-simple/stylee5b9.css]
[wp-content/plugins/jetpack/modules/carousel/images/arrows.png]
[wp-content/plugins/jetpack/modules/carousel/images/arrows-2x.png]
[wp-content/plugins/jetpack/modules/carousel/images/carousel-spritee4da.png]
[wp-content/plugins/jetpack/modules/carousel/images/carousel-sprite-2xe4da.png]
[wp-content/plugins/jetpack/modules/shortcodes/img/slideshow-controls.png]
[wp-content/plugins/jetpack/modules/shortcodes/img/slideshow-controls-2x.png]
[wp-content/plugins/jetpack/modules/shortcodes/images/slide-nav.png]
[wp-content/plugins/jetpack/modules/shortcodes/images/expand.png]
[wp-content/plugins/jetpack/modules/shortcodes/images/collapse.png]
[wp-content/plugins/jetpack/css/jetpack7035.css]
[wp-includes/wlwmanifest.html]
[wp-json/oembed/1.0/embed4ee4]
[wp-content/plugins/ecwid-shopping-cart/js/nav-menu-frontend00d1.js]
[wp-json/oembed/1.0/embed4c09.json]
[wp-json/oembed/1.0/embed29b9]
[store/index.html]
[wp-content/uploads/2015/05/chicke-picture.jpg]
[wp-content/uploads/2015/05/Vienna-and-March-e1432940757809.jpg]
[wp-content/uploads/2015/05/Vienna-and-March-e1432940757809-225x300.jpg]
[wp-content/uploads/2015/05/chicken-chick-picture.jpg]
[wp-content/uploads/2015/05/Jas_n_Bjpeg-300x225.jpg]
[about-bees-chicken-coop-co-op/index.html]
[wp-content/uploads/2015/04/Vie-and-Furry-Feet-resized-1.jpg]
[wp-content/uploads/2015/04/Vie-and-Furry-Feet-resized-1-214x300.jpg]
[wp-content/uploads/2015/04/Purple-Flowers-resized.jpg]
[wp-content/uploads/2015/04/Purple-Flowers-resized-300x225.jpg]
[our-services-products/index.html]
[wp-json/oembed/1.0/embed7005.json]
[frequently-asked-questions/index.html]
[wp-json/oembed/1.0/embed3c8e]
[private-page-for-customer-information/index.html]
[wp-json/oembed/1.0/embedc08c.json]
[wp-json/oembed/1.0/embed5017]
[wp-content/plugins/wpforms-lite/assets/js/jquery.validate.min24fc.js]
[contact-us/index.html]
[wp-content/plugins/wpforms-lite/assets/js/wpforms6be4.js]
[shopping-cart-page/index.html]
[current-customers-page/index.html]
[wp-content/uploads/2015/05/chicken-egg-pic.jpg]
[wp-json/oembed/1.0/embedcef6.json]
[wp-json/oembed/1.0/embede5ad]
[related-articles/index.html]
[current-customers-page/subpage-1/index.html]
[current-customers-page/subpage-2/index.html]
[wp-content/plugins/jetpack/modules/shortcodes/js/jquery.cycle7c48.js]
[author/bbgrechaol-com/index.html]
[category/animal-welfare/index.html]
[post-3/index.html]
[post-2/index.html]
[wp-content/plugins/jetpack/modules/shortcodes/js/slideshow-shortcode8d64.js]
[blog-posts/index.html]
[wp-content/plugins/ecwid-shopping-cart/fonts/ecwid-icons822d.svg]
[wp-content/themes/pure-simple/fonts/fontawesome-webfont78ce.svg]
[wp-content/themes/pure-simple/fonts/opensans-light.svg]
[wp-content/themes/pure-simple/fonts/opensans-regular.svg]
[wp-content/themes/pure-simple/fonts/opensans-semibold-webfont.svg]
[wp-content/themes/pure-simple/images/404.html]
[wp-json/oembed/1.0/embed572d.json]
[wp-json/oembed/1.0/embed0d9a]
[private-page-for-customer-information/index.html]
[wp-content/plugins/wpforms-lite/assets/css/wpforms-full6be4.css]
[category/uncategorized/index.html]
[category/animal-welfare-personal-comments/index.html]
[post-1/index.html]
[wp-json/oembed/1.0/embed6af1.json]
[wp-json/oembed/1.0/embed18aa]
[post-3/index.html]
[author/bbgrechaol-com/index.html]
[tag/animal-welfare/index.html]
[category/animal-welfare/index.html]
[tag/chicken-conditions/index.html]
[tag/humanely-raised-chickens/index.html]
[tag/usda-chicken-conditions/index.html]
[author/bbgrechaol-com/feed/index.html]
[wp-json/oembed/1.0/embeda9c2.json]
[category/animal-welfare/feed/index.html]
[wp-json/oembed/1.0/embedf0d4]
[post-2/index.html]
[category/uncategorized/index.html]
[category/uncategorized/feed/index.html]
[wp-json/oembed/1.0/embedb7ef.json]
[wp-json/oembed/1.0/embedccf7]
[post-1/index.html]
[category/animal-welfare-personal-comments/index.html]
[tag/animal-welfare/index.html]
[tag/chicken-conditions/index.html]
[tag/animal-conditions/index.html]
[category/animal-welfare-personal-comments/feed/index.html]
[tag/humanely-raised-chickens/index.html]
[tag/animal-welfare/feed/index.html]
[tag/usda-chicken-conditions/index.html]
[tag/animal-conditions/index.html]
[tag/chicken-conditions/feed/index.html]
[tag/humanely-raised-chickens/feed/index.html]
[tag/usda-chicken-conditions/feed/index.html]
[tag/animal-conditions/feed/index.html]
